// Jest Snapshot v1, https://goo.gl/fbAQLP

exports[`mantine sawmill should generate dark theme based on custom colors 1`] = `
Sawmill {
  "breakpoints": {
    "lg": "74em",
    "md": "64em",
    "sm": "48em",
    "xl": "90em",
    "xs": "30em",
  },
  "changeColorScheme": [Function],
  "colorScheme": "light",
  "colors": {
    "danger": [
      "#ffebeb",
      "#ffd2d2",
      "#ffb6b6",
      "#ff9595",
      "#ff6969",
      "#FF0000",
      "#e80000",
      "#cf0000",
      "#b30000",
      "#900000",
    ],
    "default": [
      "#f0f0f0",
      "#dedede",
      "#cbcbcb",
      "#b5b5b5",
      "#9d9d9d",
      "#808080",
      "#757575",
      "#686868",
      "#5a5a5a",
      "#484848",
    ],
    "info": [
      "#ebebff",
      "#d2d2ff",
      "#b6b6ff",
      "#9595ff",
      "#6969ff",
      "#0000FF",
      "#0000e8",
      "#0000cf",
      "#0000b3",
      "#000090",
    ],
    "primary": [
      "#f0ebf0",
      "#ded2de",
      "#cbb6cb",
      "#b595b5",
      "#9d699d",
      "#800080",
      "#750075",
      "#680068",
      "#5a005a",
      "#480048",
    ],
    "success": [
      "#ebf0eb",
      "#d2ded2",
      "#b6cbb6",
      "#95b595",
      "#699d69",
      "#008000",
      "#007500",
      "#006800",
      "#005a00",
      "#004800",
    ],
    "warning": [
      "#ffffeb",
      "#ffffd2",
      "#ffffb6",
      "#ffff95",
      "#ffff69",
      "#FFFF00",
      "#e8e800",
      "#cfcf00",
      "#b3b300",
      "#909000",
    ],
  },
  "fontFamily": ""Source Sans Pro", "Helvetica Neue", Helvetica, Arial, sans-serif",
  "fontFamilyMonospace": ""Ubuntu Mono", Menlo, Monaco, Consolas, "Courier New", monospace",
  "fontSizes": {
    "lg": "1.067rem",
    "md": "1rem",
    "sm": "0.878357190978569rem",
    "xl": "1.3829997357301067rem",
    "xs": "0.8232026157249944rem",
    "xxl": "2.4791446772276813rem",
  },
  "headings": {
    "sizes": {
      "h1": {
        "fontSize": "1.5745299861316333rem",
      },
      "h2": {
        "fontSize": "1.2961572031209998rem",
      },
      "h3": {
        "fontSize": "1.2147677629999998rem",
      },
      "h4": {
        "fontSize": "1.1384889999999999rem",
      },
      "h5": {
        "fontSize": "1.067rem",
      },
      "h6": {
        "fontSize": "1rem",
      },
    },
  },
  "others": {
    "colors": {
      "brand": {
        "concrete": "#93a5c0",
        "logo": "#8e99ab",
        "primary": "#ff1e1b",
        "secondary": "#ffebeb",
        "tertiary": "#5c6370",
      },
      "global": {
        "background": "#89a4ff",
        "contentBackground": "#0b42ff",
        "link": "#8cb5ea",
        "linkHover": "#5b85b8",
        "navigationBackground": "#0b42ff",
        "navigationBoxShadow": "rgba(245,246,248,0.5)",
        "textAlt": "#ffebeb",
        "textDefault": "#5c6370",
      },
    },
    "fonts": {
      "rootLineHeight": "1.24px",
      "rootSize": 16,
    },
  },
  "spacing": {
    "lg": "1.68rem",
    "md": "1.04rem",
    "sm": "0.64rem",
    "xl": "2.72rem",
    "xs": "0.40rem",
    "xxl": "4.40rem",
    "xxs": "0.24rem",
  },
  "utils": {
    "colorLevel": [Function],
    "contrastingColor": [Function],
    "opacify": [Function],
    "readableColor": [Function],
  },
}
`;

exports[`mantine sawmill should generate light theme based on custom colors 1`] = `
Sawmill {
  "breakpoints": {
    "lg": "74em",
    "md": "64em",
    "sm": "48em",
    "xl": "90em",
    "xs": "30em",
  },
  "changeColorScheme": [Function],
  "colorScheme": "light",
  "colors": {
    "danger": [
      "#ffebeb",
      "#ffd2d2",
      "#ffb6b6",
      "#ff9595",
      "#ff6969",
      "#FF0000",
      "#e80000",
      "#cf0000",
      "#b30000",
      "#900000",
    ],
    "default": [
      "#f0f0f0",
      "#dedede",
      "#cbcbcb",
      "#b5b5b5",
      "#9d9d9d",
      "#808080",
      "#757575",
      "#686868",
      "#5a5a5a",
      "#484848",
    ],
    "info": [
      "#ebebff",
      "#d2d2ff",
      "#b6b6ff",
      "#9595ff",
      "#6969ff",
      "#0000FF",
      "#0000e8",
      "#0000cf",
      "#0000b3",
      "#000090",
    ],
    "primary": [
      "#f0ebf0",
      "#ded2de",
      "#cbb6cb",
      "#b595b5",
      "#9d699d",
      "#800080",
      "#750075",
      "#680068",
      "#5a005a",
      "#480048",
    ],
    "success": [
      "#ebf0eb",
      "#d2ded2",
      "#b6cbb6",
      "#95b595",
      "#699d69",
      "#008000",
      "#007500",
      "#006800",
      "#005a00",
      "#004800",
    ],
    "warning": [
      "#ffffeb",
      "#ffffd2",
      "#ffffb6",
      "#ffff95",
      "#ffff69",
      "#FFFF00",
      "#e8e800",
      "#cfcf00",
      "#b3b300",
      "#909000",
    ],
  },
  "fontFamily": ""Source Sans Pro", "Helvetica Neue", Helvetica, Arial, sans-serif",
  "fontFamilyMonospace": ""Ubuntu Mono", Menlo, Monaco, Consolas, "Courier New", monospace",
  "fontSizes": {
    "lg": "1.067rem",
    "md": "1rem",
    "sm": "0.878357190978569rem",
    "xl": "1.3829997357301067rem",
    "xs": "0.8232026157249944rem",
    "xxl": "2.4791446772276813rem",
  },
  "headings": {
    "sizes": {
      "h1": {
        "fontSize": "1.5745299861316333rem",
      },
      "h2": {
        "fontSize": "1.2961572031209998rem",
      },
      "h3": {
        "fontSize": "1.2147677629999998rem",
      },
      "h4": {
        "fontSize": "1.1384889999999999rem",
      },
      "h5": {
        "fontSize": "1.067rem",
      },
      "h6": {
        "fontSize": "1rem",
      },
    },
  },
  "others": {
    "colors": {
      "brand": {
        "concrete": "#93a5c0",
        "logo": "#8e99ab",
        "primary": "#ff1e1b",
        "secondary": "#ffebeb",
        "tertiary": "#5c6370",
      },
      "global": {
        "background": "#89a4ff",
        "contentBackground": "#0b42ff",
        "link": "#8cb5ea",
        "linkHover": "#5b85b8",
        "navigationBackground": "#0b42ff",
        "navigationBoxShadow": "rgba(245,246,248,0.5)",
        "textAlt": "#ffebeb",
        "textDefault": "#5c6370",
      },
    },
    "fonts": {
      "rootLineHeight": "1.24px",
      "rootSize": 16,
    },
  },
  "spacing": {
    "lg": "1.68rem",
    "md": "1.04rem",
    "sm": "0.64rem",
    "xl": "2.72rem",
    "xs": "0.40rem",
    "xxl": "4.40rem",
    "xxs": "0.24rem",
  },
  "utils": {
    "colorLevel": [Function],
    "contrastingColor": [Function],
    "opacify": [Function],
    "readableColor": [Function],
  },
}
`;
