// Jest Snapshot v1, https://goo.gl/fbAQLP

exports[`mantine sawmill should generate dark theme based on custom colors 1`] = `
{
  "breakpoints": {
    "lg": "74em",
    "md": "64em",
    "sm": "48em",
    "xl": "90em",
    "xs": "30em",
  },
  "colorScheme": "light",
  "colors": {
    "danger": [
      "#ffd8d8",
      "#ffbdbd",
      "#ff9e9e",
      "#ff7878",
      "#FF0000",
      "#e10000",
      "#c80000",
      "#ab0000",
      "#880000",
      "#580000",
    ],
    "default": [
      "#e2e2e2",
      "#d0d0d0",
      "#bbbbbb",
      "#a5a5a5",
      "#808080",
      "#717171",
      "#646464",
      "#565656",
      "#444444",
      "#2c2c2c",
    ],
    "gray": [
      "#f9f9f9",
      "#f6f6f6",
      "#f2f2f3",
      "#efeff0",
      "#eaeaeb",
      "#cfcfd0",
      "#b8b8b8",
      "#9d9d9e",
      "#7d7d7d",
      "#515151",
    ],
    "info": [
      "#d8d8ff",
      "#bdbdff",
      "#9e9eff",
      "#7878ff",
      "#0000FF",
      "#0000e1",
      "#0000c8",
      "#0000ab",
      "#000088",
      "#000058",
    ],
    "primary": [
      "#e2d8e2",
      "#d0bdd0",
      "#bb9ebb",
      "#a578a5",
      "#800080",
      "#710071",
      "#640064",
      "#560056",
      "#440044",
      "#2c002c",
    ],
    "success": [
      "#d8e2d8",
      "#bdd0bd",
      "#9ebb9e",
      "#78a578",
      "#008000",
      "#007100",
      "#006400",
      "#005600",
      "#004400",
      "#002c00",
    ],
    "warning": [
      "#ffffd8",
      "#ffffbd",
      "#ffff9e",
      "#ffff78",
      "#FFFF00",
      "#e1e100",
      "#c8c800",
      "#abab00",
      "#888800",
      "#585800",
    ],
  },
  "defaultRadius": 0,
  "fontFamily": ""Source Sans Pro", "Helvetica Neue", Helvetica, Arial, sans-serif",
  "fontFamilyMonospace": ""Ubuntu Mono", Menlo, Monaco, Consolas, "Courier New", monospace",
  "fontSizes": {
    "lg": "1.067rem",
    "md": "1.000rem",
    "sm": "0.878rem",
    "xl": "1.383rem",
    "xs": "0.823rem",
    "xxl": "2.479rem",
  },
  "headings": {
    "sizes": {
      "h1": {
        "fontSize": "1.5745299861316333rem",
      },
      "h2": {
        "fontSize": "1.2961572031209998rem",
      },
      "h3": {
        "fontSize": "1.2147677629999998rem",
      },
      "h4": {
        "fontSize": "1.1384889999999999rem",
      },
      "h5": {
        "fontSize": "1.067rem",
      },
      "h6": {
        "fontSize": "1rem",
      },
    },
  },
  "other": {
    "colors": {
      "brand": {
        "concrete": "#93a5c0",
        "logo": "#8e99ab",
        "primary": "#ff1e1b",
        "secondary": "#ffebeb",
        "tertiary": "#5c6370",
      },
      "contrast": {
        "danger": "rgb(255,249,249)",
        "default": "rgb(250,250,250)",
        "gray": "rgb(74,74,74)",
        "info": "rgb(235,235,255)",
        "primary": "rgb(230,221,230)",
        "success": "rgb(249,250,249)",
        "warning": "rgb(81,81,0)",
      },
      "disabled": {
        "danger": {
          "background": "#ff6969",
          "color": "rgb(255,250,250)",
        },
        "default": {
          "background": "#a29b9b",
          "color": "rgb(251,251,251)",
        },
        "gray": {
          "background": "#d5d6d8",
          "color": "rgb(82,83,84)",
        },
        "info": {
          "background": "#7269fb",
          "color": "rgb(250,250,255)",
        },
        "primary": {
          "background": "#a2699b",
          "color": "rgb(251,250,251)",
        },
        "success": {
          "background": "#729b69",
          "color": "rgb(250,251,250)",
        },
        "warning": {
          "background": "#e8e832",
          "color": "rgb(90,90,19)",
        },
      },
      "global": {
        "background": "#89a4ff",
        "contentBackground": "#0b42ff",
        "link": "#8cb5ea",
        "linkHover": "#5b85b8",
        "navigationBackground": "#0b42ff",
        "navigationBoxShadow": "rgba(245,246,248,0.5)",
        "textAlt": "#ffebeb",
        "textDefault": "#5c6370",
      },
      "gray": {
        "10": "#5c6370",
        "100": "#ffebeb",
        "20": "#6e727e",
        "30": "#80818b",
        "40": "#929099",
        "50": "#a49fa7",
        "60": "#b7afb4",
        "70": "#c9bec2",
        "80": "#dbcdd0",
        "90": "#eddcdd",
      },
    },
    "fonts": {
      "fontFamilyNavigation": ""DM Sans", "Helvetica Neue", Helvetica, Arial, sans-serif",
      "rootLineHeight": "1.24px",
      "rootSize": 16,
    },
    "shades": {
      "dark": [Function],
      "darker": [Function],
      "darkest": [Function],
      "default": [Function],
      "light": [Function],
      "lighter": [Function],
      "lightest": [Function],
    },
  },
  "primaryColor": "info",
  "primaryShade": {
    "dark": 4,
    "light": 4,
  },
  "spacing": {
    "lg": "1.68rem",
    "md": "1.04rem",
    "sm": "0.64rem",
    "xl": "2.72rem",
    "xs": "0.40rem",
    "xxl": "4.40rem",
    "xxs": "0.24rem",
  },
  "utils": {
    "colorLevel": [Function],
    "contrastingColor": [Function],
    "opacify": [Function],
    "readableColor": [Function],
  },
}
`;

exports[`mantine sawmill should generate light theme based on custom colors 1`] = `
{
  "breakpoints": {
    "lg": "74em",
    "md": "64em",
    "sm": "48em",
    "xl": "90em",
    "xs": "30em",
  },
  "colorScheme": "light",
  "colors": {
    "danger": [
      "#ffd8d8",
      "#ffbdbd",
      "#ff9e9e",
      "#ff7878",
      "#FF0000",
      "#e10000",
      "#c80000",
      "#ab0000",
      "#880000",
      "#580000",
    ],
    "default": [
      "#e2e2e2",
      "#d0d0d0",
      "#bbbbbb",
      "#a5a5a5",
      "#808080",
      "#717171",
      "#646464",
      "#565656",
      "#444444",
      "#2c2c2c",
    ],
    "gray": [
      "#f9f9f9",
      "#f6f6f6",
      "#f2f2f3",
      "#efeff0",
      "#eaeaeb",
      "#cfcfd0",
      "#b8b8b8",
      "#9d9d9e",
      "#7d7d7d",
      "#515151",
    ],
    "info": [
      "#d8d8ff",
      "#bdbdff",
      "#9e9eff",
      "#7878ff",
      "#0000FF",
      "#0000e1",
      "#0000c8",
      "#0000ab",
      "#000088",
      "#000058",
    ],
    "primary": [
      "#e2d8e2",
      "#d0bdd0",
      "#bb9ebb",
      "#a578a5",
      "#800080",
      "#710071",
      "#640064",
      "#560056",
      "#440044",
      "#2c002c",
    ],
    "success": [
      "#d8e2d8",
      "#bdd0bd",
      "#9ebb9e",
      "#78a578",
      "#008000",
      "#007100",
      "#006400",
      "#005600",
      "#004400",
      "#002c00",
    ],
    "warning": [
      "#ffffd8",
      "#ffffbd",
      "#ffff9e",
      "#ffff78",
      "#FFFF00",
      "#e1e100",
      "#c8c800",
      "#abab00",
      "#888800",
      "#585800",
    ],
  },
  "defaultRadius": 0,
  "fontFamily": ""Source Sans Pro", "Helvetica Neue", Helvetica, Arial, sans-serif",
  "fontFamilyMonospace": ""Ubuntu Mono", Menlo, Monaco, Consolas, "Courier New", monospace",
  "fontSizes": {
    "lg": "1.067rem",
    "md": "1.000rem",
    "sm": "0.878rem",
    "xl": "1.383rem",
    "xs": "0.823rem",
    "xxl": "2.479rem",
  },
  "headings": {
    "sizes": {
      "h1": {
        "fontSize": "1.5745299861316333rem",
      },
      "h2": {
        "fontSize": "1.2961572031209998rem",
      },
      "h3": {
        "fontSize": "1.2147677629999998rem",
      },
      "h4": {
        "fontSize": "1.1384889999999999rem",
      },
      "h5": {
        "fontSize": "1.067rem",
      },
      "h6": {
        "fontSize": "1rem",
      },
    },
  },
  "other": {
    "colors": {
      "brand": {
        "concrete": "#93a5c0",
        "logo": "#8e99ab",
        "primary": "#ff1e1b",
        "secondary": "#ffebeb",
        "tertiary": "#5c6370",
      },
      "contrast": {
        "danger": "rgb(255,249,249)",
        "default": "rgb(250,250,250)",
        "gray": "rgb(74,74,74)",
        "info": "rgb(235,235,255)",
        "primary": "rgb(230,221,230)",
        "success": "rgb(249,250,249)",
        "warning": "rgb(81,81,0)",
      },
      "disabled": {
        "danger": {
          "background": "#ff6969",
          "color": "rgb(255,250,250)",
        },
        "default": {
          "background": "#a29b9b",
          "color": "rgb(251,251,251)",
        },
        "gray": {
          "background": "#d5d6d8",
          "color": "rgb(82,83,84)",
        },
        "info": {
          "background": "#7269fb",
          "color": "rgb(250,250,255)",
        },
        "primary": {
          "background": "#a2699b",
          "color": "rgb(251,250,251)",
        },
        "success": {
          "background": "#729b69",
          "color": "rgb(250,251,250)",
        },
        "warning": {
          "background": "#e8e832",
          "color": "rgb(90,90,19)",
        },
      },
      "global": {
        "background": "#89a4ff",
        "contentBackground": "#0b42ff",
        "link": "#8cb5ea",
        "linkHover": "#5b85b8",
        "navigationBackground": "#0b42ff",
        "navigationBoxShadow": "rgba(245,246,248,0.5)",
        "textAlt": "#ffebeb",
        "textDefault": "#5c6370",
      },
      "gray": {
        "10": "#5c6370",
        "100": "#ffebeb",
        "20": "#6e727e",
        "30": "#80818b",
        "40": "#929099",
        "50": "#a49fa7",
        "60": "#b7afb4",
        "70": "#c9bec2",
        "80": "#dbcdd0",
        "90": "#eddcdd",
      },
    },
    "fonts": {
      "fontFamilyNavigation": ""DM Sans", "Helvetica Neue", Helvetica, Arial, sans-serif",
      "rootLineHeight": "1.24px",
      "rootSize": 16,
    },
    "shades": {
      "dark": [Function],
      "darker": [Function],
      "darkest": [Function],
      "default": [Function],
      "light": [Function],
      "lighter": [Function],
      "lightest": [Function],
    },
  },
  "primaryColor": "info",
  "primaryShade": {
    "dark": 4,
    "light": 4,
  },
  "spacing": {
    "lg": "1.68rem",
    "md": "1.04rem",
    "sm": "0.64rem",
    "xl": "2.72rem",
    "xs": "0.40rem",
    "xxl": "4.40rem",
    "xxs": "0.24rem",
  },
  "utils": {
    "colorLevel": [Function],
    "contrastingColor": [Function],
    "opacify": [Function],
    "readableColor": [Function],
  },
}
`;
