// Jest Snapshot v1, https://goo.gl/fbAQLP

exports[`mantine sawmill should generate dark theme based on custom colors 1`] = `
{
  "breakpoints": {
    "lg": "74em",
    "md": "64em",
    "sm": "48em",
    "xl": "90em",
    "xs": "30em",
  },
  "colorScheme": "light",
  "colors": {
    "danger": [
      "#ffffff",
      "#ffefef",
      "#ffbdbd",
      "#ff7878",
      "#FF0000",
      "#e10000",
      "#ab0000",
      "#580000",
      "#000000",
      "#000000",
    ],
    "default": [
      "#ffffff",
      "#f3f3f3",
      "#d0d0d0",
      "#a5a5a5",
      "#808080",
      "#717171",
      "#565656",
      "#2c2c2c",
      "#000000",
      "#000000",
    ],
    "info": [
      "#ffffff",
      "#efefff",
      "#bdbdff",
      "#7878ff",
      "#0000FF",
      "#0000e1",
      "#0000ab",
      "#000058",
      "#000000",
      "#000000",
    ],
    "primary": [
      "#ffffff",
      "#f3eff3",
      "#d0bdd0",
      "#a578a5",
      "#800080",
      "#710071",
      "#560056",
      "#2c002c",
      "#000000",
      "#000000",
    ],
    "success": [
      "#ffffff",
      "#eff3ef",
      "#bdd0bd",
      "#78a578",
      "#008000",
      "#007100",
      "#005600",
      "#002c00",
      "#000000",
      "#000000",
    ],
    "warning": [
      "#ffffff",
      "#ffffef",
      "#ffffbd",
      "#ffff78",
      "#FFFF00",
      "#e1e100",
      "#abab00",
      "#585800",
      "#000000",
      "#000000",
    ],
  },
  "defaultRadius": 0,
  "fontFamily": ""Source Sans Pro", "Helvetica Neue", Helvetica, Arial, sans-serif",
  "fontFamilyMonospace": ""Ubuntu Mono", Menlo, Monaco, Consolas, "Courier New", monospace",
  "fontSizes": {
    "lg": "1.067rem",
    "md": "1.000rem",
    "sm": "0.878rem",
    "xl": "1.383rem",
    "xs": "0.823rem",
    "xxl": "2.479rem",
  },
  "headings": {
    "sizes": {
      "h1": {
        "fontSize": "1.5745299861316333rem",
      },
      "h2": {
        "fontSize": "1.2961572031209998rem",
      },
      "h3": {
        "fontSize": "1.2147677629999998rem",
      },
      "h4": {
        "fontSize": "1.1384889999999999rem",
      },
      "h5": {
        "fontSize": "1.067rem",
      },
      "h6": {
        "fontSize": "1rem",
      },
    },
  },
  "others": {
    "colors": {
      "brand": {
        "concrete": "#93a5c0",
        "logo": "#8e99ab",
        "primary": "#ff1e1b",
        "secondary": "#ffebeb",
        "tertiary": "#5c6370",
      },
      "global": {
        "background": "#89a4ff",
        "contentBackground": "#0b42ff",
        "link": "#8cb5ea",
        "linkHover": "#5b85b8",
        "navigationBackground": "#0b42ff",
        "navigationBoxShadow": "rgba(245,246,248,0.5)",
        "textAlt": "#ffebeb",
        "textDefault": "#5c6370",
      },
      "gray": {
        "10": "#5c6370",
        "100": "#ffebeb",
        "20": "#6e727e",
        "30": "#80818b",
        "40": "#929099",
        "50": "#a49fa7",
        "60": "#b7afb4",
        "70": "#c9bec2",
        "80": "#dbcdd0",
        "90": "#eddcdd",
      },
    },
    "fonts": {
      "fontFamilyNavigation": ""DM Sans", "Helvetica Neue", Helvetica, Arial, sans-serif",
      "rootLineHeight": "1.24px",
      "rootSize": 16,
    },
    "shades": {
      "dark": [Function],
      "darker": [Function],
      "darkest": [Function],
      "default": [Function],
      "light": [Function],
      "lighter": [Function],
      "lightest": [Function],
    },
  },
  "primaryColor": "info",
  "primaryShade": {
    "dark": 4,
    "light": 4,
  },
  "spacing": {
    "lg": "1.68rem",
    "md": "1.04rem",
    "sm": "0.64rem",
    "xl": "2.72rem",
    "xs": "0.40rem",
    "xxl": "4.40rem",
    "xxs": "0.24rem",
  },
  "utils": {
    "colorLevel": [Function],
    "contrastingColor": [Function],
    "opacify": [Function],
    "readableColor": [Function],
  },
}
`;

exports[`mantine sawmill should generate light theme based on custom colors 1`] = `
{
  "breakpoints": {
    "lg": "74em",
    "md": "64em",
    "sm": "48em",
    "xl": "90em",
    "xs": "30em",
  },
  "colorScheme": "light",
  "colors": {
    "danger": [
      "#ffffff",
      "#ffefef",
      "#ffbdbd",
      "#ff7878",
      "#FF0000",
      "#e10000",
      "#ab0000",
      "#580000",
      "#000000",
      "#000000",
    ],
    "default": [
      "#ffffff",
      "#f3f3f3",
      "#d0d0d0",
      "#a5a5a5",
      "#808080",
      "#717171",
      "#565656",
      "#2c2c2c",
      "#000000",
      "#000000",
    ],
    "info": [
      "#ffffff",
      "#efefff",
      "#bdbdff",
      "#7878ff",
      "#0000FF",
      "#0000e1",
      "#0000ab",
      "#000058",
      "#000000",
      "#000000",
    ],
    "primary": [
      "#ffffff",
      "#f3eff3",
      "#d0bdd0",
      "#a578a5",
      "#800080",
      "#710071",
      "#560056",
      "#2c002c",
      "#000000",
      "#000000",
    ],
    "success": [
      "#ffffff",
      "#eff3ef",
      "#bdd0bd",
      "#78a578",
      "#008000",
      "#007100",
      "#005600",
      "#002c00",
      "#000000",
      "#000000",
    ],
    "warning": [
      "#ffffff",
      "#ffffef",
      "#ffffbd",
      "#ffff78",
      "#FFFF00",
      "#e1e100",
      "#abab00",
      "#585800",
      "#000000",
      "#000000",
    ],
  },
  "defaultRadius": 0,
  "fontFamily": ""Source Sans Pro", "Helvetica Neue", Helvetica, Arial, sans-serif",
  "fontFamilyMonospace": ""Ubuntu Mono", Menlo, Monaco, Consolas, "Courier New", monospace",
  "fontSizes": {
    "lg": "1.067rem",
    "md": "1.000rem",
    "sm": "0.878rem",
    "xl": "1.383rem",
    "xs": "0.823rem",
    "xxl": "2.479rem",
  },
  "headings": {
    "sizes": {
      "h1": {
        "fontSize": "1.5745299861316333rem",
      },
      "h2": {
        "fontSize": "1.2961572031209998rem",
      },
      "h3": {
        "fontSize": "1.2147677629999998rem",
      },
      "h4": {
        "fontSize": "1.1384889999999999rem",
      },
      "h5": {
        "fontSize": "1.067rem",
      },
      "h6": {
        "fontSize": "1rem",
      },
    },
  },
  "others": {
    "colors": {
      "brand": {
        "concrete": "#93a5c0",
        "logo": "#8e99ab",
        "primary": "#ff1e1b",
        "secondary": "#ffebeb",
        "tertiary": "#5c6370",
      },
      "global": {
        "background": "#89a4ff",
        "contentBackground": "#0b42ff",
        "link": "#8cb5ea",
        "linkHover": "#5b85b8",
        "navigationBackground": "#0b42ff",
        "navigationBoxShadow": "rgba(245,246,248,0.5)",
        "textAlt": "#ffebeb",
        "textDefault": "#5c6370",
      },
      "gray": {
        "10": "#5c6370",
        "100": "#ffebeb",
        "20": "#6e727e",
        "30": "#80818b",
        "40": "#929099",
        "50": "#a49fa7",
        "60": "#b7afb4",
        "70": "#c9bec2",
        "80": "#dbcdd0",
        "90": "#eddcdd",
      },
    },
    "fonts": {
      "fontFamilyNavigation": ""DM Sans", "Helvetica Neue", Helvetica, Arial, sans-serif",
      "rootLineHeight": "1.24px",
      "rootSize": 16,
    },
    "shades": {
      "dark": [Function],
      "darker": [Function],
      "darkest": [Function],
      "default": [Function],
      "light": [Function],
      "lighter": [Function],
      "lightest": [Function],
    },
  },
  "primaryColor": "info",
  "primaryShade": {
    "dark": 4,
    "light": 4,
  },
  "spacing": {
    "lg": "1.68rem",
    "md": "1.04rem",
    "sm": "0.64rem",
    "xl": "2.72rem",
    "xs": "0.40rem",
    "xxl": "4.40rem",
    "xxs": "0.24rem",
  },
  "utils": {
    "colorLevel": [Function],
    "contrastingColor": [Function],
    "opacify": [Function],
    "readableColor": [Function],
  },
}
`;
